I'm sorry, but errors were detected in your script. Please correct the
errors listed below, and try again.


File "game/script.rpy", line 43: expected ':' not found.
    label awkward_hallway
                         ^

Ren'Py Version: Ren'Py 6.99.10.1227
